// Jest Snapshot v1, https://goo.gl/fbAQLP

exports[`expect to render CardList component 1`] = `
<div>
  <div
    className="tc bg-washed-green dib br3 pa3 ma2 grow bw2 shadow-5"
  >
    <img
      alt="robots"
      src="https://robohash.org/1?size=200x200"
    />
    <h2>
      John
    </h2>
    <p>
      john@gmail.com
    </p>
  </div>
  <div
    className="tc bg-washed-green dib br3 pa3 ma2 grow bw2 shadow-5"
  >
    <img
      alt="robots"
      src="https://robohash.org/2?size=200x200"
    />
    <h2>
      Sally
    </h2>
    <p>
      sally@gmail.com
    </p>
  </div>
  ;
</div>
`;
